[2025-01-28T22:09:13.311-0600][gc] Using G1
[2025-01-28T22:09:13.328-0600][gc,init] Version: 17.0.13+11-Ubuntu-2ubuntu124.04 (release)
[2025-01-28T22:09:13.329-0600][gc,init] CPUs: 8 total, 8 available
[2025-01-28T22:09:13.329-0600][gc,init] Memory: 3778M
[2025-01-28T22:09:13.330-0600][gc,init] Large Page Support: Disabled
[2025-01-28T22:09:13.331-0600][gc,init] NUMA Support: Disabled
[2025-01-28T22:09:13.331-0600][gc,init] Compressed Oops: Enabled (32-bit)
[2025-01-28T22:09:13.332-0600][gc,init] Heap Region Size: 1M
[2025-01-28T22:09:13.332-0600][gc,init] Heap Min Capacity: 1G
[2025-01-28T22:09:13.333-0600][gc,init] Heap Initial Capacity: 1G
[2025-01-28T22:09:13.334-0600][gc,init] Heap Max Capacity: 1G
[2025-01-28T22:09:13.335-0600][gc,init] Pre-touch: Disabled
[2025-01-28T22:09:13.335-0600][gc,init] Parallel Workers: 8
[2025-01-28T22:09:13.336-0600][gc,init] Concurrent Workers: 2
[2025-01-28T22:09:13.336-0600][gc,init] Concurrent Refinement Workers: 8
[2025-01-28T22:09:13.337-0600][gc,init] Periodic GC: Disabled
[2025-01-28T22:09:13.342-0600][gc,metaspace] CDS archive(s) mapped at: [0x00007f3573000000-0x00007f3573bc9000-0x00007f3573bc9000), size 12357632, SharedBaseAddress: 0x00007f3573000000, ArchiveRelocationMode: 1.
[2025-01-28T22:09:13.343-0600][gc,metaspace] Compressed class space mapped at: 0x00007f3574000000-0x00007f35b4000000, reserved size: 1073741824
[2025-01-28T22:09:13.344-0600][gc,metaspace] Narrow klass base: 0x00007f3573000000, Narrow klass shift: 0, Narrow klass range: 0x100000000
[2025-01-28T22:09:17.112-0600][gc,start    ] GC(0) Pause Young (Normal) (G1 Evacuation Pause)
[2025-01-28T22:09:17.114-0600][gc,task     ] GC(0) Using 8 workers of 8 for evacuation
[2025-01-28T22:09:17.122-0600][gc,phases   ] GC(0)   Pre Evacuate Collection Set: 0.2ms
[2025-01-28T22:09:17.123-0600][gc,phases   ] GC(0)   Merge Heap Roots: 0.4ms
[2025-01-28T22:09:17.123-0600][gc,phases   ] GC(0)   Evacuate Collection Set: 5.5ms
[2025-01-28T22:09:17.123-0600][gc,phases   ] GC(0)   Post Evacuate Collection Set: 1.2ms
[2025-01-28T22:09:17.123-0600][gc,phases   ] GC(0)   Other: 2.9ms
[2025-01-28T22:09:17.124-0600][gc,heap     ] GC(0) Eden regions: 51->0(44)
[2025-01-28T22:09:17.124-0600][gc,heap     ] GC(0) Survivor regions: 0->7(7)
[2025-01-28T22:09:17.124-0600][gc,heap     ] GC(0) Old regions: 0->1
[2025-01-28T22:09:17.124-0600][gc,heap     ] GC(0) Archive regions: 2->2
[2025-01-28T22:09:17.124-0600][gc,heap     ] GC(0) Humongous regions: 0->0
[2025-01-28T22:09:17.125-0600][gc,metaspace] GC(0) Metaspace: 17773K(17984K)->17773K(17984K) NonClass: 15623K(15744K)->15623K(15744K) Class: 2150K(2240K)->2150K(2240K)
[2025-01-28T22:09:17.125-0600][gc          ] GC(0) Pause Young (Normal) (G1 Evacuation Pause) 51M->8M(1024M) 12.808ms
[2025-01-28T22:09:17.125-0600][gc,cpu      ] GC(0) User=0.00s Sys=0.04s Real=0.01s
[2025-01-28T22:09:17.736-0600][gc,start    ] GC(1) Pause Young (Concurrent Start) (Metadata GC Threshold)
[2025-01-28T22:09:17.736-0600][gc,task     ] GC(1) Using 8 workers of 8 for evacuation
[2025-01-28T22:09:17.746-0600][gc,phases   ] GC(1)   Pre Evacuate Collection Set: 0.3ms
[2025-01-28T22:09:17.747-0600][gc,phases   ] GC(1)   Merge Heap Roots: 0.3ms
[2025-01-28T22:09:17.747-0600][gc,phases   ] GC(1)   Evacuate Collection Set: 7.7ms
[2025-01-28T22:09:17.747-0600][gc,phases   ] GC(1)   Post Evacuate Collection Set: 1.1ms
[2025-01-28T22:09:17.747-0600][gc,phases   ] GC(1)   Other: 1.0ms
[2025-01-28T22:09:17.747-0600][gc,heap     ] GC(1) Eden regions: 15->0(49)
[2025-01-28T22:09:17.748-0600][gc,heap     ] GC(1) Survivor regions: 7->2(7)
[2025-01-28T22:09:17.748-0600][gc,heap     ] GC(1) Old regions: 1->9
[2025-01-28T22:09:17.748-0600][gc,heap     ] GC(1) Archive regions: 2->2
[2025-01-28T22:09:17.749-0600][gc,heap     ] GC(1) Humongous regions: 129->129
[2025-01-28T22:09:17.749-0600][gc,metaspace] GC(1) Metaspace: 21289K(21504K)->21289K(21504K) NonClass: 18708K(18816K)->18708K(18816K) Class: 2580K(2688K)->2580K(2688K)
[2025-01-28T22:09:17.749-0600][gc          ] GC(1) Pause Young (Concurrent Start) (Metadata GC Threshold) 152M->139M(1024M) 13.495ms
[2025-01-28T22:09:17.750-0600][gc,cpu      ] GC(1) User=0.01s Sys=0.06s Real=0.02s
[2025-01-28T22:09:17.751-0600][gc          ] GC(2) Concurrent Mark Cycle
[2025-01-28T22:09:17.751-0600][gc,marking  ] GC(2) Concurrent Clear Claimed Marks
[2025-01-28T22:09:17.752-0600][gc,marking  ] GC(2) Concurrent Clear Claimed Marks 0.657ms
[2025-01-28T22:09:17.752-0600][gc,marking  ] GC(2) Concurrent Scan Root Regions
[2025-01-28T22:09:17.755-0600][gc,marking  ] GC(2) Concurrent Scan Root Regions 3.188ms
[2025-01-28T22:09:17.756-0600][gc,marking  ] GC(2) Concurrent Mark
[2025-01-28T22:09:17.756-0600][gc,marking  ] GC(2) Concurrent Mark From Roots
[2025-01-28T22:09:17.757-0600][gc,task     ] GC(2) Using 2 workers of 2 for marking
[2025-01-28T22:09:17.761-0600][gc,marking  ] GC(2) Concurrent Mark From Roots 4.475ms
[2025-01-28T22:09:17.761-0600][gc,marking  ] GC(2) Concurrent Preclean
[2025-01-28T22:09:17.761-0600][gc,marking  ] GC(2) Concurrent Preclean 0.437ms
[2025-01-28T22:09:17.762-0600][gc,start    ] GC(2) Pause Remark
[2025-01-28T22:09:17.766-0600][gc          ] GC(2) Pause Remark 140M->140M(1024M) 3.766ms
[2025-01-28T22:09:17.766-0600][gc,cpu      ] GC(2) User=0.01s Sys=0.00s Real=0.00s
[2025-01-28T22:09:17.767-0600][gc,marking  ] GC(2) Concurrent Mark 11.185ms
[2025-01-28T22:09:17.767-0600][gc,marking  ] GC(2) Concurrent Rebuild Remembered Sets
[2025-01-28T22:09:17.770-0600][gc,marking  ] GC(2) Concurrent Rebuild Remembered Sets 3.014ms
[2025-01-28T22:09:17.771-0600][gc,start    ] GC(2) Pause Cleanup
[2025-01-28T22:09:17.772-0600][gc          ] GC(2) Pause Cleanup 140M->140M(1024M) 0.785ms
[2025-01-28T22:09:17.772-0600][gc,cpu      ] GC(2) User=0.00s Sys=0.00s Real=0.00s
[2025-01-28T22:09:17.773-0600][gc,marking  ] GC(2) Concurrent Cleanup for Next Mark
[2025-01-28T22:09:17.779-0600][gc,marking  ] GC(2) Concurrent Cleanup for Next Mark 6.057ms
[2025-01-28T22:09:17.779-0600][gc          ] GC(2) Concurrent Mark Cycle 28.747ms
[2025-01-28T22:09:19.167-0600][gc,start    ] GC(3) Pause Young (Normal) (G1 Evacuation Pause)
[2025-01-28T22:09:19.167-0600][gc,task     ] GC(3) Using 8 workers of 8 for evacuation
[2025-01-28T22:09:19.171-0600][gc,phases   ] GC(3)   Pre Evacuate Collection Set: 0.3ms
[2025-01-28T22:09:19.172-0600][gc,phases   ] GC(3)   Merge Heap Roots: 0.1ms
[2025-01-28T22:09:19.172-0600][gc,phases   ] GC(3)   Evacuate Collection Set: 2.8ms
[2025-01-28T22:09:19.172-0600][gc,phases   ] GC(3)   Post Evacuate Collection Set: 0.9ms
[2025-01-28T22:09:19.172-0600][gc,phases   ] GC(3)   Other: 0.7ms
[2025-01-28T22:09:19.172-0600][gc,heap     ] GC(3) Eden regions: 49->0(45)
[2025-01-28T22:09:19.172-0600][gc,heap     ] GC(3) Survivor regions: 2->6(7)
[2025-01-28T22:09:19.173-0600][gc,heap     ] GC(3) Old regions: 9->9
[2025-01-28T22:09:19.173-0600][gc,heap     ] GC(3) Archive regions: 2->2
[2025-01-28T22:09:19.173-0600][gc,heap     ] GC(3) Humongous regions: 129->129
[2025-01-28T22:09:19.173-0600][gc,metaspace] GC(3) Metaspace: 32648K(32896K)->32648K(32896K) NonClass: 29041K(29184K)->29041K(29184K) Class: 3607K(3712K)->3607K(3712K)
[2025-01-28T22:09:19.173-0600][gc          ] GC(3) Pause Young (Normal) (G1 Evacuation Pause) 188M->143M(1024M) 6.587ms
[2025-01-28T22:09:19.173-0600][gc,cpu      ] GC(3) User=0.02s Sys=0.00s Real=0.01s
[2025-01-28T22:09:19.572-0600][gc,start    ] GC(4) Pause Young (Concurrent Start) (Metadata GC Threshold)
[2025-01-28T22:09:19.572-0600][gc,task     ] GC(4) Using 8 workers of 8 for evacuation
[2025-01-28T22:09:19.581-0600][gc,phases   ] GC(4)   Pre Evacuate Collection Set: 0.2ms
[2025-01-28T22:09:19.581-0600][gc,phases   ] GC(4)   Merge Heap Roots: 0.2ms
[2025-01-28T22:09:19.581-0600][gc,phases   ] GC(4)   Evacuate Collection Set: 6.9ms
[2025-01-28T22:09:19.581-0600][gc,phases   ] GC(4)   Post Evacuate Collection Set: 0.8ms
[2025-01-28T22:09:19.582-0600][gc,phases   ] GC(4)   Other: 1.0ms
[2025-01-28T22:09:19.582-0600][gc,heap     ] GC(4) Eden regions: 15->0(49)
[2025-01-28T22:09:19.582-0600][gc,heap     ] GC(4) Survivor regions: 6->2(7)
[2025-01-28T22:09:19.582-0600][gc,heap     ] GC(4) Old regions: 9->15
[2025-01-28T22:09:19.582-0600][gc,heap     ] GC(4) Archive regions: 2->2
[2025-01-28T22:09:19.583-0600][gc,heap     ] GC(4) Humongous regions: 129->129
[2025-01-28T22:09:19.583-0600][gc,metaspace] GC(4) Metaspace: 35845K(36096K)->35845K(36096K) NonClass: 31806K(31936K)->31806K(31936K) Class: 4038K(4160K)->4038K(4160K)
[2025-01-28T22:09:19.583-0600][gc          ] GC(4) Pause Young (Concurrent Start) (Metadata GC Threshold) 158M->145M(1024M) 11.241ms
[2025-01-28T22:09:19.583-0600][gc,cpu      ] GC(4) User=0.04s Sys=0.01s Real=0.01s
[2025-01-28T22:09:19.583-0600][gc          ] GC(5) Concurrent Mark Cycle
[2025-01-28T22:09:19.585-0600][gc,marking  ] GC(5) Concurrent Clear Claimed Marks
[2025-01-28T22:09:19.585-0600][gc,marking  ] GC(5) Concurrent Clear Claimed Marks 0.450ms
[2025-01-28T22:09:19.586-0600][gc,marking  ] GC(5) Concurrent Scan Root Regions
[2025-01-28T22:09:19.588-0600][gc,marking  ] GC(5) Concurrent Scan Root Regions 2.528ms
[2025-01-28T22:09:19.589-0600][gc,marking  ] GC(5) Concurrent Mark
[2025-01-28T22:09:19.589-0600][gc,marking  ] GC(5) Concurrent Mark From Roots
[2025-01-28T22:09:19.589-0600][gc,task     ] GC(5) Using 2 workers of 2 for marking
[2025-01-28T22:09:19.595-0600][gc,marking  ] GC(5) Concurrent Mark From Roots 6.435ms
[2025-01-28T22:09:19.596-0600][gc,marking  ] GC(5) Concurrent Preclean
[2025-01-28T22:09:19.596-0600][gc,marking  ] GC(5) Concurrent Preclean 0.410ms
[2025-01-28T22:09:19.597-0600][gc,start    ] GC(5) Pause Remark
[2025-01-28T22:09:19.599-0600][gc          ] GC(5) Pause Remark 145M->145M(1024M) 2.506ms
[2025-01-28T22:09:19.599-0600][gc,cpu      ] GC(5) User=0.01s Sys=0.00s Real=0.00s
[2025-01-28T22:09:19.600-0600][gc,marking  ] GC(5) Concurrent Mark 11.318ms
[2025-01-28T22:09:19.600-0600][gc,marking  ] GC(5) Concurrent Rebuild Remembered Sets
[2025-01-28T22:09:19.605-0600][gc,marking  ] GC(5) Concurrent Rebuild Remembered Sets 4.878ms
[2025-01-28T22:09:19.605-0600][gc,start    ] GC(5) Pause Cleanup
[2025-01-28T22:09:19.606-0600][gc          ] GC(5) Pause Cleanup 145M->145M(1024M) 0.527ms
[2025-01-28T22:09:19.606-0600][gc,cpu      ] GC(5) User=0.00s Sys=0.00s Real=0.00s
[2025-01-28T22:09:19.606-0600][gc,marking  ] GC(5) Concurrent Cleanup for Next Mark
[2025-01-28T22:09:19.615-0600][gc,marking  ] GC(5) Concurrent Cleanup for Next Mark 8.239ms
[2025-01-28T22:09:19.615-0600][gc          ] GC(5) Concurrent Mark Cycle 31.900ms
[2025-01-28T22:13:57.529-0600][gc,heap,exit] Heap
[2025-01-28T22:13:57.530-0600][gc,heap,exit]  garbage-first heap   total 1048576K, used 167106K [0x00000000c0000000, 0x0000000100000000)
[2025-01-28T22:13:57.530-0600][gc,heap,exit]   region size 1024K, 20 young (20480K), 2 survivors (2048K)
[2025-01-28T22:13:57.531-0600][gc,heap,exit]  Metaspace       used 38016K, committed 38336K, reserved 1114112K
[2025-01-28T22:13:57.532-0600][gc,heap,exit]   class space    used 4388K, committed 4544K, reserved 1048576K
